export const snapshot = {};

snapshot[`style_loader: file structure 1`] = `
'<html>
    <head>
        <link rel="stylesheet" href="/style/style-1H2D4IT.css" />
    </head>
    <body>
        <div class="extended-component-1f74y1x component-1yz2e8z base-component-ntdcly" />
        <div class="global-classname" />
        <div class="scoped-11i6is0" />
        <div class="animated-15adumx" />
    </body>
</html>'
`;
