export const snapshot = {};

snapshot[`css: build page with css module dependencies 1`] = `
"/* virtual:/main.module.css-d4cbe8ede2554d6a.frugal-compiled-module.css */
" +
  ".foo {
" +
  "  color: red;
" +
  "}
" +
  ".bar {
" +
  "  background: red;
" +
  "}
" +
  "
" +
  "/* virtual:/dep.module.css-db09027996f7e6b0.frugal-compiled-module.css */
" +
  ".baz {
" +
  "  margin: 10px;
" +
  "}
"
`;

snapshot[`css: build page with css module dependencies 2`] = `'{"bar":["bar","baz"],"foo":["foo","bar","baz"]}'`;
