export const snapshot = {};

snapshot[`css: build page with css module dependencies 1`] = `
"/* virtual:/main.module.css-e3341cf843b9ae39.frugal-compiled-module.css */
" +
  ".foo {
" +
  "  color: red;
" +
  "}
" +
  ".bar {
" +
  "  background: red;
" +
  "}
" +
  "
" +
  "/* virtual:/dep.module.css-1948f1c83929dcee.frugal-compiled-module.css */
" +
  ".baz {
" +
  "  margin: 10px;
" +
  "}
"
`;

snapshot[`css: build page with css module dependencies 2`] = `'{"bar":["bar","baz"],"foo":["foo","bar","baz"]}'`;
